OK    前导空格被去掉  'hello'
OK    换行+缩进被去掉  'hello'
OK    原本干净的不动
OK    多行中间缩进保留（代码块要留）  'a\n    b'
OK    全空白得到空串
OK    空/None 不出错
OK    关掉开关则原样  '  hello '
OK    默认值是开
OK    bar 本身有双击
OK    标题文字也有双击（原来只有 bar 的一小条空白能点）
OK    标题文字也能拖动窗口
   标题栏 349px = 标题 207px + 按钮 126px
OK    标题占满剩余宽度（热区不再是窄窄一条）  标题 207 / 可用 223
OK    热区占标题栏一半以上  59%
   按钮(文字,宽,高): [('✕', 42, 34), ('📌', 42, 34), ('—', 42, 34)]
OK    按钮热区变高（>=24px）  [('✕', 42, 34), ('📌', 42, 34), ('—', 42, 34)]
OK    按钮热区变宽（>=24px）  [('✕', 42, 34), ('📌', 42, 34), ('—', 42, 34)]
OK    标题栏高度 = BAR_H  34 vs 34
OK    折叠后只剩标题栏高度  高度 34
OK    再展开回到原高度  高度 424（原 424）
OK    折叠状态回到初始值
DONE
全部通过
can't open file for write !
