OK    https 链接
OK    www 链接
OK    域名被提取出来  {'host': 'github.com'}
OK    邮箱
OK    邮箱不会误判成链接
OK    色值 #1e2027
OK    色值 #abc
OK    css 函数色
OK    带点的普通词不是链接  text
OK    含空格的像链接的不是链接
OK    存在的绝对路径 → path  path
OK    路径带行号也能认  path
OK    路径文件名被提取
OK    不存在的路径不算
OK    对象 JSON
OK    数组 JSON
OK    JSON 标量不算（"abc"）  text
OK    JSON 标量不算（123）  text
OK    null 不算  text
OK    坏 JSON 不算
OK    多行 JSON 也算
OK    python 代码
OK    单行 def 开头也算
OK    js 箭头函数
OK    html 标签
OK    只有 {} 的散文不算代码  text
OK    两行缩进才算  multiline
OK    语言猜测 python  python
OK    语言猜测 javascript  javascript
OK    多行文本
OK    普通单行
OK    空内容
OK    超长直接降级
   等宽字体=Consolas / 界面字体=Microsoft YaHei UI
OK    链接：字体普通 颜色强调  实际字体 Microsoft YaHei UI / 颜色 #4f8cff
OK    JSON：字体等宽 颜色常规  实际字体 Consolas / 颜色 #e6e8ee
OK    代码：字体等宽 颜色常规  实际字体 Consolas / 颜色 #e6e8ee
OK    多行：字体普通 颜色常规  实际字体 Microsoft YaHei UI / 颜色 #e6e8ee
OK    颜色：字体普通 颜色常规  实际字体 Microsoft YaHei UI / 颜色 #e6e8ee
DONE
全部通过
can't open file for write !
