712 INFO: PyInstaller: 6.22.3, contrib hooks: 2026.8
712 INFO: Python: 3.14.5
750 INFO: Platform: Windows-11-10.0.26200-SP0
751 INFO: Python environment: C:\Python314
759 INFO: Module search paths (PYTHONPATH):
['C:\\Users\\pay and gain\\Desktop\\剪切板',
 'C:\\Users\\pay and '
 'gain\\AppData\\Local\\Programs\\WorkBuddy\\resources\\app.asar.unpacked\\cli\\vendor\\shim',
 'C:\\Python314\\python314.zip',
 'C:\\Python314\\DLLs',
 'C:\\Python314\\Lib',
 'C:\\Python314',
 'C:\\Users\\pay and gain\\AppData\\Roaming\\Python\\Python314\\site-packages',
 'C:\\Users\\pay and '
 'gain\\AppData\\Roaming\\Python\\Python314\\site-packages\\win32',
 'C:\\Users\\pay and '
 'gain\\AppData\\Roaming\\Python\\Python314\\site-packages\\win32\\lib',
 'C:\\Users\\pay and '
 'gain\\AppData\\Roaming\\Python\\Python314\\site-packages\\pythonwin',
 'C:\\Python314\\Lib\\site-packages',
 'C:\\Users\\pay and gain\\Desktop\\剪切板']
1676 INFO: checking Analysis
1721 INFO: Building because hookspath changed
1721 INFO: Looking for Python shared library...
1721 INFO: Using Python shared library: C:\Python314\python314.dll
1721 INFO: Running Analysis Analysis-00.toc
1721 INFO: Target bytecode optimization level: 0
1721 INFO: Initializing module dependency graph...
1723 INFO: Initializing module graph hook caches...
1735 INFO: Analyzing modules for base_library.zip ...
4345 INFO: Processing standard module hook 'hook-encodings.py' from 'C:\\Users\\pay and gain\\AppData\\Roaming\\Python\\Python314\\site-packages\\PyInstaller\\hooks'
5173 INFO: Processing standard module hook 'hook-pickle.py' from 'C:\\Users\\pay and gain\\AppData\\Roaming\\Python\\Python314\\site-packages\\PyInstaller\\hooks'
5380 INFO: Processing standard module hook 'hook-math.py' from 'C:\\Users\\pay and gain\\AppData\\Roaming\\Python\\Python314\\site-packages\\PyInstaller\\hooks'
5500 INFO: Processing standard module hook 'hook-difflib.py' from 'C:\\Users\\pay and gain\\AppData\\Roaming\\Python\\Python314\\site-packages\\PyInstaller\\hooks'
5514 INFO: Processing standard module hook 'hook-heapq.py' from 'C:\\Users\\pay and gain\\AppData\\Roaming\\Python\\Python314\\site-packages\\PyInstaller\\hooks'
7570 INFO: Caching module dependency graph...
7590 INFO: Analyzing C:\Users\pay and gain\Desktop\剪切板\ClawBoard.py
7811 INFO: Processing standard module hook 'hook-sysconfig.py' from 'C:\\Users\\pay and gain\\AppData\\Roaming\\Python\\Python314\\site-packages\\PyInstaller\\hooks'
7818 INFO: Processing standard module hook 'hook-_ctypes.py' from 'C:\\Users\\pay and gain\\AppData\\Roaming\\Python\\Python314\\site-packages\\PyInstaller\\hooks'
7876 INFO: Processing pre-find-module-path hook 'hook-tkinter.py' from 'C:\\Users\\pay and gain\\AppData\\Roaming\\Python\\Python314\\site-packages\\PyInstaller\\hooks\\pre_find_module_path'
7911 INFO: TclTkInfo: initializing cached Tcl/Tk info...
8884 INFO: Processing standard module hook 'hook-_tkinter.py' from 'C:\\Users\\pay and gain\\AppData\\Roaming\\Python\\Python314\\site-packages\\PyInstaller\\hooks'
8949 INFO: Processing module hooks (post-graph stage)...
8960 INFO: Processing standard module hook 'hook-_tkinter.py' from 'C:\\Users\\pay and gain\\AppData\\Roaming\\Python\\Python314\\site-packages\\PyInstaller\\hooks'
8968 INFO: Performing binary vs. data reclassification (927 entries)
9611 INFO: Looking for ctypes DLLs
9642 INFO: Analyzing run-time hooks ...
9643 INFO: Including run-time hook 'pyi_rth_inspect.py' from 'C:\\Users\\pay and gain\\AppData\\Roaming\\Python\\Python314\\site-packages\\PyInstaller\\hooks\\rthooks'
9646 INFO: Including run-time hook 'pyi_rth__tkinter.py' from 'C:\\Users\\pay and gain\\AppData\\Roaming\\Python\\Python314\\site-packages\\PyInstaller\\hooks\\rthooks'
10519 INFO: Creating base_library.zip...
10535 INFO: Looking for dynamic libraries
11045 INFO: Extra DLL search directories (AddDllDirectory): []
11046 INFO: Extra DLL search directories (PATH): []
11434 INFO: Warnings written to C:\Users\pay and gain\Desktop\剪切板\build\ClawBoard\warn-ClawBoard.txt
11451 INFO: Graph cross-reference written to C:\Users\pay and gain\Desktop\剪切板\build\ClawBoard\xref-ClawBoard.html
11479 INFO: checking PYZ
11481 INFO: Building because toc changed
11481 INFO: Building PYZ (ZlibArchive) C:\Users\pay and gain\Desktop\剪切板\build\ClawBoard\PYZ-00.pyz
11589 INFO: Building PYZ (ZlibArchive) C:\Users\pay and gain\Desktop\剪切板\build\ClawBoard\PYZ-00.pyz completed successfully.
11628 INFO: checking PKG
11636 INFO: Building because toc changed
11636 INFO: Building PKG (CArchive) ClawBoard.pkg
13367 INFO: Building PKG (CArchive) ClawBoard.pkg completed successfully.
13381 INFO: Bootloader C:\Users\pay and gain\AppData\Roaming\Python\Python314\site-packages\PyInstaller\bootloader\Windows-64bit-intel\runw.exe
13381 INFO: checking EXE
13390 INFO: Building because toc changed
13390 INFO: Building EXE from EXE-00.toc
14247 INFO: Copying bootloader EXE to C:\Users\pay and gain\Desktop\剪切板\dist\ClawBoard.exe
14263 INFO: Copying icon to EXE
14276 INFO: Copying 0 resources to EXE
14276 INFO: Embedding manifest in EXE
14288 INFO: Appending PKG archive to EXE
14303 INFO: Fixing EXE headers
14379 INFO: Building EXE from EXE-00.toc completed successfully.
14395 INFO: Build complete! The results are available in: C:\Users\pay and gain\Desktop\剪切板\dist
